2025-05-09T17:12:33.300Z [INFO]: Login attempt for email: dem3o@demo.com
2025-05-09T17:12:33.479Z [INFO]: Member found: dem3o@demo.com
2025-05-09T17:12:33.623Z [INFO]: Password match successful
2025-05-09T17:12:33.638Z [INFO]: JWT token generated
2025-05-09T17:12:49.993Z [INFO]: Registration attempt for email: demo3@demo.com
2025-05-09T17:12:50.070Z [INFO]: Password hashed successfully
2025-05-09T17:12:50.221Z [ERROR]: Error creating member: [object Object]
2025-05-13T16:48:00.444Z [INFO]: Login attempt for email: demo@demo.com
2025-05-13T16:48:00.632Z [INFO]: Member found: demo@demo.com
2025-05-13T16:48:00.709Z [INFO]: Password match successful
2025-05-13T16:48:00.717Z [INFO]: JWT token generated
2025-05-13T16:51:20.377Z [INFO]: Login attempt for email: demo@demo.com
2025-05-13T16:51:21.047Z [INFO]: Member found: demo@demo.com
2025-05-13T16:51:21.166Z [INFO]: Password match successful
2025-05-13T16:51:21.174Z [INFO]: JWT token generated
2025-05-15T17:19:58.024Z [INFO]: Registration attempt for email: demo3@demo.com
2025-05-15T17:19:58.145Z [INFO]: Password hashed successfully
2025-05-15T17:19:59.133Z [ERROR]: Error creating member: [object Object]
2025-05-15T17:20:03.895Z [INFO]: Registration attempt for email: demo3sd@demo.com
2025-05-15T17:20:03.995Z [INFO]: Password hashed successfully
2025-05-15T17:20:04.202Z [INFO]: Member created successfully: demo3sd@demo.com
2025-05-15T17:21:02.841Z [INFO]: Registration attempt for email: demsdo3sd@demo.com
2025-05-15T17:21:02.926Z [INFO]: Password hashed successfully
2025-05-15T17:23:03.574Z [INFO]: Registration attempt for email: demssddo3sd@demo.com
2025-05-15T17:23:03.678Z [INFO]: Password hashed successfully
2025-05-15T17:23:05.484Z [INFO]: Member created successfully: demssddo3sd@demo.com
2025-05-15T17:25:27.742Z [INFO]: Registration attempt for email: demsdssddo3sd@demo.com
2025-05-15T17:25:27.893Z [INFO]: Password hashed successfully
2025-05-15T17:25:28.488Z [INFO]: Member created successfully: demsdssddo3sd@demo.com
